.../local/tmp # LD_LIBRARY_PATH=. ./rk_screenshot_test

════════════════════════════════════════════════════════════
  🚀 RK3588 Screenshot Test Suite v2.0
════════════════════════════════════════════════════════════

════════════════════════════════════════════════════════════
  🧪 FUNCTIONAL TESTS
════════════════════════════════════════════════════════════

📷 Test 1/5: Raw RGBA (1920x1080)
   ✅ Success: 1920x1080, 8294400 bytes, 42.96 ms
   💾 Saved: test_raw.rgba (8294400 bytes)

📷 Test 2/5: JPEG Full (1920x1080 Q90)
   ✅ Success: 1920x1080, 295830 bytes, 13.75 ms
   💾 Saved: test_full.jpg (295830 bytes)

📷 Test 3/5: JPEG Scaled (1280x720 Q85)
   ✅ Success: 1280x720, 147848 bytes, 14.68 ms
   💾 Saved: test_scaled.jpg (147848 bytes)

📷 Test 4/5: Thumbnail (320x180 Q75)
   ✅ Success: 320x180, 19441 bytes, 7.84 ms
   💾 Saved: test_thumb.jpg (19441 bytes)

📷 Test 5/5: HD Ready (1280x720 Q90)
   ✅ Success: 1280x720, 147848 bytes, 14.32 ms
   💾 Saved: test_720p.jpg (147848 bytes)

────────────────────────────────────────────────────────────
📊 Result: 5/5 tests passed

════════════════════════════════════════════════════════════
  📈 PERFORMANCE TESTS
════════════════════════════════════════════════════════════
  Iterations: 50

🔥 Raw RGBA:
   ✅ 50/50 successful
   ⏱️  Time: avg=8.65 ms, min=7.88 ms, max=13.62 ms
   🚀 FPS: 115.6
   📊 Avg size: 8100.0 KB, Throughput: 959.0 MB/s

🔥 JPEG 1080p:
   ✅ 50/50 successful
   ⏱️  Time: avg=12.72 ms, min=12.57 ms, max=13.17 ms
   🚀 FPS: 78.6
   📊 Avg size: 278.9 KB, Throughput: 22.5 MB/s

🔥 JPEG 720p:
   ✅ 50/50 successful
   ⏱️  Time: avg=16.81 ms, min=14.43 ms, max=29.47 ms
   🚀 FPS: 59.5
   📊 Avg size: 144.4 KB, Throughput: 8.8 MB/s

🔥 Thumbnail:
   ✅ 50/50 successful
   ⏱️  Time: avg=8.72 ms, min=6.94 ms, max=12.96 ms
   🚀 FPS: 114.6
   📊 Avg size: 18.6 KB, Throughput: 2.2 MB/s

════════════════════════════════════════════════════════════
  ✅ Test Suite Complete
════════════════════════════════════════════════════════════
